<html>
<body>
<pre>
<h1>µVision Build Log</h1>
<h2>Tool Versions:</h2>
IDE-Version: µVision V5.22.0.0
Copyright (C) 2016 ARM Ltd and ARM Germany GmbH. All rights reserved.
License Information: diamon zhily, inc, LIC=----
 
Tool Versions:
Toolchain:       MDK-Lite  Version: 5.22
Toolchain Path:  C:\Keil_v5\ARM\ARMCC\Bin
C Compiler:      Armcc.exe V5.06 update 4 (build 422)
Assembler:       Armasm.exe V5.06 update 4 (build 422)
Linker/Locator:  ArmLink.exe V5.06 update 4 (build 422)
Library Manager: ArmAr.exe V5.06 update 4 (build 422)
Hex Converter:   FromElf.exe V5.06 update 4 (build 422)
CPU DLL:         SARMCM3.DLL V5.22
Dialog DLL:      DCM.DLL V1.13.9.0
Target DLL:      STLink\ST-LINKIII-KEIL_SWO.dll V2.0.18.0
Dialog DLL:      TCM.DLL V1.21.0.0
 
<h2>Project:</h2>
C:\Users\zhily\Documents\GitHub\mc\lab1.uvprojx
Project File Date:  02/28/2018

<h2>Output:</h2>
*** Using Compiler 'V5.06 update 4 (build 422)', folder: 'C:\Keil_v5\ARM\ARMCC\Bin'
Rebuild target 'Target 1'
assembling startup_stm32f303xc.s...
compiling lab1.c...
lab1.c(88): warning:  #1-D: last line of file ends without a newline
  }
lab1.c: 1 warning, 0 errors
compiling EventRecorder.c...
compiling system_stm32f3xx.c...
linking...
Program Size: Code=792 RO-data=448 RW-data=104 ZI-data=2880  
".\Objects\lab1.axf" - 0 Error(s), 1 Warning(s).

<h2>Software Packages used:</h2>

Package Vendor: ARM
                http://www.keil.com/pack/ARM.CMSIS.5.0.0.pack
                ARM::CMSIS:CORE:5.0.0
                CMSIS (Cortex Microcontroller Software Interface Standard)
   * Component: CORE Version: 5.0.0

Package Vendor: Keil
                http://www.keil.com/pack/Keil.ARM_Compiler.1.2.0.pack
                Keil.ARM Compiler::Compiler:Event Recorder:DAP:1.1.0
                Keil ARM Compiler extensions
   * Component: Event Recorder Variant: DAP Version: 1.1.0

Package Vendor: Keil
                http://www.keil.com/pack/Keil.STM32F3xx_DFP.1.3.0.pack
                Keil::Device:Startup:1.3.0
                STMicroelectronics STM32F3 Series Device Support and Examples
   * Component: Startup Version: 1.3.0

<h2>Collection of Component include folders:</h2>
  C:\Users\zhily\Documents\GitHub\mc\RTE\Compiler
  C:\Users\zhily\Documents\GitHub\mc\RTE\_Target_1
  C:\Keil_v5\ARM\PACK\ARM\CMSIS\5.0.0\CMSIS\Include
  C:\Keil_v5\ARM\PACK\Keil\ARM_Compiler\1.2.0\Include
  C:\Keil_v5\ARM\PACK\Keil\STM32F3xx_DFP\1.3.0\Device\Include

<h2>Collection of Component Files used:</h2>

   * Component: ARM::CMSIS:CORE:5.0.0

   * Component: Keil.ARM Compiler::Compiler:Event Recorder:DAP:1.1.0
      Source file:   Source\EventRecorder.c
      Include file:  Config\EventRecorderConf.h
      Include file:  Include\EventRecorder.h

   * Component: Keil::Device:Startup:1.3.0
      Source file:   Device\Source\system_stm32f3xx.c
      Source file:   Device\Source\ARM\STM32F3xx_OPT.s
      Source file:   Device\Source\ARM\startup_stm32f303xc.s
Build Time Elapsed:  00:00:02
</pre>
</body>
</html>
